---
source: crates/backend/src/handlers/oauth/discovery.rs
expression: snapshot
---
{
  "scopes_supported": [
    "openid",
    "profile",
    "urn:arkret:admin:*",
    "urn:arkret:client:*",
    "urn:arkret:station:*",
    "urn:arkret:station:session.bind",
    "urn:coauth:admin"
  ],
  "claims_supported": [
    "at_hash",
    "aud",
    "auth_time",
    "c_hash",
    "exp",
    "handle",
    "iat",
    "iss",
    "locale",
    "name",
    "nonce",
    "org.arkret.device_id",
    "org.arkret.principal_id",
    "org.arkret.session_id",
    "picture",
    "sub"
  ]
}
