---
source: crates/backend/src/handlers/oauth/discovery.rs
expression: snapshot
---
{
  "scopes_supported": [
    "openid",
    "profile",
    "urn:coauth:admin",
    "urn:cokret:admin:*",
    "urn:cokret:client:*",
    "urn:cokret:principal-server:*",
    "urn:cokret:principal-server:session.bind"
  ],
  "claims_supported": [
    "at_hash",
    "aud",
    "auth_time",
    "c_hash",
    "exp",
    "iat",
    "iss",
    "locale",
    "name",
    "nonce",
    "org.cokret.device_id",
    "org.cokret.principal_did",
    "org.cokret.session_id",
    "picture",
    "preferred_username",
    "sub"
  ]
}
